
  .   ____          _            __ _ _
 /\\ / ___'_ __ _ _(_)_ __  __ _ \ \ \ \
( ( )\___ | '_ | '_| | '_ \/ _` | \ \ \ \
 \\/  ___)| |_)| | | | | || (_| |  ) ) ) )
  '  |____| .__|_| |_|_| |_\__, | / / / /
 =========|_|==============|___/=/_/_/_/

 :: Spring Boot ::                (v4.0.1)

2026-01-25T11:17:26.146+05:30  INFO 20560 --- [backend] [           main] c.portfolio.backend.BackendApplication   : Starting BackendApplication v0.0.1-SNAPSHOT using Java 17.0.17 with PID 20560 (C:\Users\satis\Desktop\Content\PortFolio\backend\target\backend-0.0.1-SNAPSHOT.jar started by satis in C:\Users\satis\Desktop\Content\PortFolio\backend)
2026-01-25T11:17:26.161+05:30  INFO 20560 --- [backend] [           main] c.portfolio.backend.BackendApplication   : No active profile set, falling back to 1 default profile: "default"
2026-01-25T11:17:27.648+05:30  INFO 20560 --- [backend] [           main] .s.d.r.c.RepositoryConfigurationDelegate : Bootstrapping Spring Data JPA repositories in DEFAULT mode.
2026-01-25T11:17:27.783+05:30  INFO 20560 --- [backend] [           main] .s.d.r.c.RepositoryConfigurationDelegate : Finished Spring Data repository scanning in 119 ms. Found 1 JPA repository interface.
2026-01-25T11:17:29.098+05:30  INFO 20560 --- [backend] [           main] o.s.boot.tomcat.TomcatWebServer          : Tomcat initialized with port 8080 (http)
2026-01-25T11:17:29.120+05:30  INFO 20560 --- [backend] [           main] o.apache.catalina.core.StandardService   : Starting service [Tomcat]
2026-01-25T11:17:29.121+05:30  INFO 20560 --- [backend] [           main] o.apache.catalina.core.StandardEngine    : Starting Servlet engine: [Apache Tomcat/11.0.15]
2026-01-25T11:17:29.190+05:30  INFO 20560 --- [backend] [           main] b.w.c.s.WebApplicationContextInitializer : Root WebApplicationContext: initialization completed in 2861 ms
2026-01-25T11:17:29.551+05:30  INFO 20560 --- [backend] [           main] org.hibernate.orm.jpa                    : HHH008540: Processing PersistenceUnitInfo [name: default]
2026-01-25T11:17:29.628+05:30  INFO 20560 --- [backend] [           main] org.hibernate.orm.core                   : HHH000001: Hibernate ORM core version 7.2.0.Final
2026-01-25T11:17:30.656+05:30  INFO 20560 --- [backend] [           main] o.s.o.j.p.SpringPersistenceUnitInfo      : No LoadTimeWeaver setup: ignoring JPA class transformer
2026-01-25T11:17:30.720+05:30  INFO 20560 --- [backend] [           main] com.zaxxer.hikari.HikariDataSource       : HikariPool-1 - Starting...
2026-01-25T11:17:30.984+05:30  INFO 20560 --- [backend] [           main] com.zaxxer.hikari.pool.HikariPool        : HikariPool-1 - Added connection conn0: url=jdbc:h2:mem:portfolio user=SA
2026-01-25T11:17:30.987+05:30  INFO 20560 --- [backend] [           main] com.zaxxer.hikari.HikariDataSource       : HikariPool-1 - Start completed.
2026-01-25T11:17:31.024+05:30  WARN 20560 --- [backend] [           main] org.hibernate.orm.deprecation            : HHH90000025: H2Dialect does not need to be specified explicitly using 'hibernate.dialect' (remove the property setting and it will be selected by default)
2026-01-25T11:17:31.099+05:30  INFO 20560 --- [backend] [           main] org.hibernate.orm.connections.pooling    : HHH10001005: Database info:
	Database JDBC URL [jdbc:h2:mem:portfolio]
	Database driver: H2 JDBC Driver
	Database dialect: H2Dialect
	Database version: 2.4.240
	Default catalog/schema: PORTFOLIO/PUBLIC
	Autocommit mode: undefined/unknown
	Isolation level: READ_COMMITTED [default READ_COMMITTED]
	JDBC fetch size: 100
	Pool: DataSourceConnectionProvider
	Minimum pool size: undefined/unknown
	Maximum pool size: undefined/unknown
2026-01-25T11:17:32.237+05:30  INFO 20560 --- [backend] [           main] org.hibernate.orm.core                   : HHH000489: No JTA platform available (set 'hibernate.transaction.jta.platform' to enable JTA platform integration)
Hibernate: create table projects (id bigint generated by default as identity, description varchar(1000), live_url varchar(255), repo_url varchar(255), tech_stack varchar(255), title varchar(255), primary key (id))
2026-01-25T11:17:32.349+05:30  INFO 20560 --- [backend] [           main] j.LocalContainerEntityManagerFactoryBean : Initialized JPA EntityManagerFactory for persistence unit 'default'
2026-01-25T11:17:32.583+05:30  INFO 20560 --- [backend] [           main] o.s.d.j.r.query.QueryEnhancerFactories   : Hibernate is in classpath; If applicable, HQL parser will be used.
2026-01-25T11:17:32.806+05:30  WARN 20560 --- [backend] [           main] JpaBaseConfiguration$JpaWebConfiguration : spring.jpa.open-in-view is enabled by default. Therefore, database queries may be performed during view rendering. Explicitly configure spring.jpa.open-in-view to disable this warning
2026-01-25T11:17:33.473+05:30  INFO 20560 --- [backend] [           main] o.s.b.h.a.H2ConsoleAutoConfiguration     : H2 console available at '/h2'. Database available at 'jdbc:h2:mem:portfolio'
2026-01-25T11:17:33.663+05:30  INFO 20560 --- [backend] [           main] o.s.boot.tomcat.TomcatWebServer          : Tomcat started on port 8080 (http) with context path '/'
2026-01-25T11:17:33.683+05:30  INFO 20560 --- [backend] [           main] c.portfolio.backend.BackendApplication   : Started BackendApplication in 8.547 seconds (process running for 9.424)
2026-01-25T14:29:21.620+05:30  WARN 20560 --- [backend] [l-1:housekeeper] com.zaxxer.hikari.pool.HikariPool        : HikariPool-1 - Thread starvation or clock leap detected (housekeeper delta=2h32m19s914ms694µs200ns).
